Open a folder in VScode, and use Source control tab

Create a local folder, go into the folder and right click intialise git bash

Initialise git
    git init 

Set the origin 
    git remote add origin "repository link"                 // -u originname

show which files are added to index and ready to commit
    git status

Add a file to staging area 
    git add filename.ext

    add all files - git add . or git add -A 

Commit the changes 
    git commit -m "message"

    git commit -a -m "message"        also adds it to the index, add and commit tracked files

PUsh in Git
    git push origin2 master                      //origin2 can be any name


Clone a repo
    git clone repourl

git clone- Just download a git repository to your pc

git pull- pulls the changes done by other developers

git fetch - Downloads commits, objects and refs from another repository. It fetches branches and tags from one or more repositories

git status -  shows which files are added to index and ready to commit

branching 
    git branch "branchname"
Switch to the branch
    git checkout branchname

Rebasing 
    from master to newbranch: all the content inside master will reflect to the newbranch
    
Get out of the merge mode 
    git-reset or git merge --abort 

git fetch - Downloads commits, objects and refs from another repository. It fetches branches and tags from one or more repositories

git status -  shows which files are added to index and ready to commit

branching 
    git branch "branchname"
Switch to the branch
    git checkout branchname

        or both combined
        git checkout -b newbranchname

Rebasing 
    from master to newbranch: all the content inside master will reflect to the newbranch
    editor branch master
    command - git rebase firstbranch 
Continue the operation
    git rebase --continue
    
Get out of the merge mode 
    git-reset or git merge --abort 

git merge - with master 
    git merge otherbranchname

 Merge vs rebase
     merge preserves history as it happened, rebase rewrites it   

git Push
git push originname
 git push origin4

    
Git pull
    git pull origin branchname from which you want to add the changes to the current branch
     git pull origin4 master

How to use vim
open or create a file vim filename
use i to insert, then escape, type :wq at the end
to view the changes use cat filename


-------------git merge-----------------
Admin@Saipooja MINGW64 ~/OneDrive/Pooja/gitlocalrepo (firstbranch)
$ git checkout -b secondbranch
Switched to a new branch 'secondbranch'

Admin@Saipooja MINGW64 ~/OneDrive/Pooja/gitlocalrepo (secondbranch)
$ git ls
git: 'ls' is not a git command. See 'git --help'.

The most similar command is
        lfs

Admin@Saipooja MINGW64 ~/OneDrive/Pooja/gitlocalrepo (secondbranch)
$ ls
addfirst.txt  gitcommands.txt

Admin@Saipooja MINGW64 ~/OneDrive/Pooja/gitlocalrepo (secondbranch)
$ cat addfirst.txt

Admin@Saipooja MINGW64 ~/OneDrive/Pooja/gitlocalrepo (secondbranch)
$ vim addfirst.txt

Admin@Saipooja MINGW64 ~/OneDrive/Pooja/gitlocalrepo (secondbranch)
$ cat addfirst.txt
I am in the secondbranch

Admin@Saipooja MINGW64 ~/OneDrive/Pooja/gitlocalrepo (secondbranch)
$ git status
On branch secondbranch
Changes not staged for commit:
  (use "git add <file>..." to update what will be committed)
  (use "git restore <file>..." to discard changes in working directory)
        modified:   addfirst.txt
        modified:   gitcommands.txt

no changes added to commit (use "git add" and/or "git commit -a")

Admin@Saipooja MINGW64 ~/OneDrive/Pooja/gitlocalrepo (secondbranch)
$ git add .
warning: LF will be replaced by CRLF in addfirst.txt.
The file will have its original line endings in your working directory

Admin@Saipooja MINGW64 ~/OneDrive/Pooja/gitlocalrepo (secondbranch)
$ git commit -a -m "made some chaneges in addfirst"
[secondbranch 4d05d4e] made some chaneges in addfirst
 2 files changed, 17 insertions(+), 1 deletion(-)

Admin@Saipooja MINGW64 ~/OneDrive/Pooja/gitlocalrepo (secondbranch)
$ git checkout master
Switched to branch 'master'

Admin@Saipooja MINGW64 ~/OneDrive/Pooja/gitlocalrepo (master)
$ git merge secondbranch
Auto-merging gitcommands.txt
Merge made by the 'ort' strategy.
 addfirst.txt    |  1 +
 gitcommands.txt | 17 ++++++++++++++++-
 2 files changed, 17 insertions(+), 1 deletion(-)

Admin@Saipooja MINGW64 ~/OneDrive/Pooja/gitlocalrepo (master)
$ git status
On branch master
nothing to commit, working tree clean

Admin@Saipooja MINGW64 ~/OneDrive/Pooja/gitlocalrepo (master)
$ cat addfirst.txt
I am in the secondbranch

